{"hintletRule":"Resource Caching","timestamp":1,"description":"Consider adding a \"Cache-Control: public\" header to the following resource: http://www.example.com/icon.png","refRecord":1,"severity":3}
