{"hintletRule":"Resource Caching","timestamp":1,"description":"The following resources are missing a cache expiration. Resources that do not specify an expiration may not be cached by browsers. Specify an expiration at least one month in the future for resources that should be cached, and an expiration in the past for resources that should not be cached: http://www.example.com/styles.css","refRecord":1,"severity":1}
