{"hintletRule":"Resource Caching","timestamp":1,"description":"The following resources specify a \"Vary\" header that disables caching in most versions of Internet Explorer. Fix or remove the \"Vary\" header for the following resources: http://www.example.com/dummy.gif","refRecord":1,"severity":1}
{"hintletRule":"Resource Caching","timestamp":3,"description":"The following resources specify a \"Vary\" header that disables caching in most versions of Internet Explorer. Fix or remove the \"Vary\" header for the following resources: http://www.example.com/dummy.gif","refRecord":3,"severity":1}
