{"hintletRule":"GWT Application Detection","timestamp":2,"description":"GWT selection script '.nocache.js' file should be set as non-cacheable","refRecord":2,"severity":1}
{"hintletRule":"GWT Application Detection","timestamp":12,"description":"GWT selection script '.nocache.js' file should be set as non-cacheable","refRecord":11,"severity":1}
