{"hintletRule":"Static Resource served from domains with cookies","timestamp":5630.783999998122,"description":"URL http://example.org/foo.png is static content that should be served from a domain that does not set cookies.  Found 18 extra bytes from cookie.","refRecord":2,"severity":3}
{"hintletRule":"Static Resource served from domains with cookies","timestamp":14999.004000008106,"description":"URL http://www.example.com/images/5608_1_poguepalmpre_75x50.jpg is static content that should be served from a domain that does not set cookies.  Found 18 extra bytes from cookie.","refRecord":5,"severity":3}
