{"hintletRule":"Resource Caching","timestamp":1,"description":"Due to a bug in some proxy caching servers, the following publicly cacheable, compressible resources should use \"Cache-Control: private\" or \"Vary: Accept-Encoding\": http://www.example.com/api.js","refRecord":1,"severity":2}
