{"hintletRule":"Frequent Layout activity","timestamp":1,"description":"Event triggered 12 layouts taking 120ms.","refRecord":1,"severity":2}
{"hintletRule":"Frequent Layout activity","timestamp":3,"description":"Event triggered 3 layouts taking 150ms.","refRecord":3,"severity":2}
