{"hintletRule":"GWT Application Detection","timestamp":500.5,"description":"The size of the initial GWT download (http://www.example.com/timely/SpeedTracerDemoApp/DA85A01950553A52FB8150E588B71041.cache.html) is 1342730 bytes.  Consider using GWT.runAsync() code splitting and the Compile Report to reduce the size of the initial download.","refRecord":7,"severity":1}
{"hintletRule":"GWT Application Detection","timestamp":3000,"description":"Initial GWT download (http://www.example.com/timely/SpeedTracerDemoApp/DA85A01950553A52FB8150E588B71041.cache.html) took 3495ms to load. (1342730 bytes). Consider using GWT.runAsync() code splitting and the Compile Report to reduce the size of the initial download.","refRecord":8,"severity":2}
